// Vitest Snapshot v1, https://vitest.dev/guide/snapshot.html

exports[`Errors and edge cases/User input > check lastHistory line after: Enter 2 expressions in succession first result is ok, second result is an error, press number button 1`] = `
{
  "changeOnReadyOrError": 1,
  "commandLine": [
    {
      "payload": 9.487804878048781,
      "type": "value",
    },
  ],
  "history": [
    {
      "keyedInExpression": [
        {
          "payload": "9",
          "type": "digit",
        },
        {
          "type": "add",
        },
        {
          "payload": "4",
          "type": "digit",
        },
        {
          "type": "divide",
        },
        {
          "payload": "8",
          "type": "digit",
        },
        {
          "payload": ".",
          "type": "digit",
        },
        {
          "payload": "2",
          "type": "digit",
        },
      ],
      "result": {
        "payload": 9.487804878048781,
        "type": "value",
      },
    },
  ],
  "inTransit": false,
  "serverError": {},
  "tainted": false,
}
`;
