// Vitest Snapshot v1, https://vitest.dev/guide/snapshot.html

exports[`User Interface > check initial DOM structure 1`] = `
<body>
  <div>
    <div
      class="_app_ce1e69"
    >
      <div
        class="_keyboard_0b2576"
      >
        <div
          class="_display_1250f0"
          tabindex="1"
        >
          <div
            class="_theGrid_1250f0"
          >
            <div
              class="_history_0ea9b2"
            >
              <svg
                focusable="false"
                viewBox="0 0 24 24"
                xmlns="http://www.w3.org/2000/svg"
              >
                <path
                  d="M13 3a9 9 0 0 0-9 9H1l3.89 3.89.07.14L9 12H6c0-3.87 3.13-7 7-7s7 3.13 7 7-3.13 7-7 7c-1.93 0-3.68-.79-4.94-2.06l-1.42 1.42A8.954 8.954 0 0 0 13 21a9 9 0 0 0 0-18zm-1 5v5l4.28 2.54.72-1.21-3.5-2.08V8H12z"
                />
              </svg>
            </div>
            <div
              class="_last_history_9cba2d"
            >
              <span
                data-testid="lastHistoryLine"
              />
            </div>
            <div
              class="_command_line_ab67cd"
            >
              <div>
                <span
                  data-testid="commandLine"
                >
                  0
                </span>
              </div>
            </div>
          </div>
        </div>
        <div
          class="_btn_0e6df9 _darker_0e6df9 _disabled_0e6df9"
        >
          Rad
        </div>
        <div
          class="_btn_0e6df9 _darker_0e6df9 _disabled_0e6df9"
        >
          Deg
        </div>
        <div
          class="_btn_0e6df9 _darker_0e6df9 _disabled_0e6df9"
        >
          x!
        </div>
        <div
          class="_btn_0e6df9 _darker_0e6df9 _disabled_0e6df9"
        >
          (
        </div>
        <div
          class="_btn_0e6df9 _darker_0e6df9 _disabled_0e6df9"
        >
          )
        </div>
        <div
          class="_btn_0e6df9 _darker_0e6df9 _disabled_0e6df9"
        >
          %
        </div>
        <div
          class="_btn_0e6df9 _darker_0e6df9 _smaller_0e6df9"
          data-testid="btnClearAll"
        >
          AC
        </div>
        <div
          class="_btn_0e6df9 _darker_0e6df9 _disabled_0e6df9"
        >
          Inv
        </div>
        <div
          class="_btn_0e6df9 _darker_0e6df9 _disabled_0e6df9"
        >
          sin
        </div>
        <div
          class="_btn_0e6df9 _darker_0e6df9 _disabled_0e6df9"
        >
          ln
        </div>
        <div
          class="_btn_0e6df9"
          data-testid="btn7"
        >
          7
        </div>
        <div
          class="_btn_0e6df9"
          data-testid="btn8"
        >
          8
        </div>
        <div
          class="_btn_0e6df9"
          data-testid="btn9"
        >
          9
        </div>
        <div
          class="_btn_0e6df9 _darker_0e6df9 _larger_0e6df9"
          data-testid="btnDivide"
        >
          ÷
        </div>
        <div
          class="_btn_0e6df9 _darker_0e6df9 _disabled_0e6df9"
        >
          π
        </div>
        <div
          class="_btn_0e6df9 _darker_0e6df9 _disabled_0e6df9"
        >
          cos
        </div>
        <div
          class="_btn_0e6df9 _darker_0e6df9 _disabled_0e6df9"
        >
          log
        </div>
        <div
          class="_btn_0e6df9"
          data-testid="btn4"
        >
          4
        </div>
        <div
          class="_btn_0e6df9"
          data-testid="btn5"
        >
          5
        </div>
        <div
          class="_btn_0e6df9"
          data-testid="btn6"
        >
          6
        </div>
        <div
          class="_btn_0e6df9 _darker_0e6df9 _larger_0e6df9"
          data-testid="btnMultiply"
        >
          ×
        </div>
        <div
          class="_btn_0e6df9 _darker_0e6df9 _disabled_0e6df9"
        >
          e
        </div>
        <div
          class="_btn_0e6df9 _darker_0e6df9 _disabled_0e6df9"
        >
          tan
        </div>
        <div
          class="_btn_0e6df9 _darker_0e6df9 _disabled_0e6df9"
        >
          √
        </div>
        <div
          class="_btn_0e6df9"
          data-testid="btn1"
        >
          1
        </div>
        <div
          class="_btn_0e6df9"
          data-testid="btn2"
        >
          2
        </div>
        <div
          class="_btn_0e6df9"
          data-testid="btn3"
        >
          3
        </div>
        <div
          class="_btn_0e6df9 _darker_0e6df9 _larger_0e6df9"
          data-testid="btnSubtract"
        >
          −
        </div>
        <div
          class="_btn_0e6df9 _darker_0e6df9 _disabled_0e6df9"
        >
          Ans
        </div>
        <div
          class="_btn_0e6df9 _darker_0e6df9 _disabled_0e6df9"
        >
          EXP
        </div>
        <div
          class="_btn_0e6df9 _darker_0e6df9 _disabled_0e6df9"
        >
          <span>
            xʸ
          </span>
        </div>
        <div
          class="_btn_0e6df9"
          data-testid="btn0"
        >
          0
        </div>
        <div
          class="_btn_0e6df9 _bolder_0e6df9"
          data-testid="btnDot"
        >
          .
        </div>
        <div
          class="_btn_0e6df9 _bolder_0e6df9 _larger_0e6df9 _submit_0e6df9"
          data-testid="btnSubmit"
        >
          =
        </div>
        <div
          class="_btn_0e6df9 _darker_0e6df9 _larger_0e6df9"
          data-testid="btnAdd"
        >
          +
        </div>
      </div>
    </div>
  </div>
</body>
`;
